2026-08-16 21:25:37,855 INFO Building subject index for 170 subjects.
2026-08-16 21:25:37,974 INFO test_Amsterdam_GE1T5_150: shape=128x256x103 spacing=(1.300,1.211,3.000) orientation=LPS lesion_vol=4571.6mm3 n_lesions=42
2026-08-16 21:25:38,086 INFO test_Amsterdam_GE1T5_151: shape=128x256x103 spacing=(1.300,1.211,3.000) orientation=LPS lesion_vol=69237.6mm3 n_lesions=112
2026-08-16 21:25:38,205 INFO test_Amsterdam_GE1T5_152: shape=128x256x103 spacing=(1.300,1.211,3.000) orientation=LPS lesion_vol=8467.8mm3 n_lesions=53
2026-08-16 21:25:38,322 INFO test_Amsterdam_GE1T5_153: shape=128x256x103 spacing=(1.300,1.211,3.000) orientation=LPS lesion_vol=854.7mm3 n_lesions=21
2026-08-16 21:25:38,441 INFO test_Amsterdam_GE1T5_154: shape=128x256x103 spacing=(1.300,1.211,3.000) orientation=LPS lesion_vol=13072.6mm3 n_lesions=42
2026-08-16 21:25:38,558 INFO test_Amsterdam_GE1T5_155: shape=128x256x103 spacing=(1.300,1.211,3.000) orientation=LPS lesion_vol=19746.6mm3 n_lesions=139
2026-08-16 21:25:38,671 INFO test_Amsterdam_GE1T5_156: shape=128x256x103 spacing=(1.300,1.211,3.000) orientation=LPS lesion_vol=2342.5mm3 n_lesions=35
2026-08-16 21:25:38,772 INFO test_Amsterdam_GE1T5_157: shape=124x256x103 spacing=(1.300,1.211,3.000) orientation=LPS lesion_vol=902.0mm3 n_lesions=22
2026-08-16 21:25:38,876 INFO test_Amsterdam_GE1T5_158: shape=124x256x103 spacing=(1.300,1.211,3.000) orientation=LPS lesion_vol=8528.6mm3 n_lesions=146
2026-08-16 21:25:38,977 INFO test_Amsterdam_GE1T5_159: shape=124x256x103 spacing=(1.300,1.211,3.000) orientation=LPS lesion_vol=31682.2mm3 n_lesions=119
2026-08-16 21:25:39,085 INFO test_Amsterdam_GE3T_111: shape=132x256x83 spacing=(1.200,0.977,3.000) orientation=LPS lesion_vol=22082.5mm3 n_lesions=66
2026-08-16 21:25:39,193 INFO test_Amsterdam_GE3T_117: shape=132x256x83 spacing=(1.200,0.977,3.000) orientation=LPS lesion_vol=46907.3mm3 n_lesions=60
2026-08-16 21:25:39,309 INFO test_Amsterdam_GE3T_118: shape=132x256x83 spacing=(1.200,0.977,3.000) orientation=LPS lesion_vol=2415.3mm3 n_lesions=57
2026-08-16 21:25:39,416 INFO test_Amsterdam_GE3T_119: shape=132x256x83 spacing=(1.200,0.977,3.000) orientation=LPS lesion_vol=39267.5mm3 n_lesions=45
2026-08-16 21:25:39,532 INFO test_Amsterdam_GE3T_120: shape=132x256x83 spacing=(1.200,0.977,3.000) orientation=LPS lesion_vol=6296.7mm3 n_lesions=75
2026-08-16 21:25:39,631 INFO test_Amsterdam_GE3T_121: shape=132x256x83 spacing=(1.200,0.977,3.000) orientation=LPS lesion_vol=9661.3mm3 n_lesions=38
2026-08-16 21:25:39,740 INFO test_Amsterdam_GE3T_122: shape=132x256x83 spacing=(1.200,0.977,3.000) orientation=LPS lesion_vol=3378.6mm3 n_lesions=26
2026-08-16 21:25:39,850 INFO test_Amsterdam_GE3T_123: shape=132x256x83 spacing=(1.200,0.977,3.000) orientation=LPS lesion_vol=1951.2mm3 n_lesions=19
2026-08-16 21:25:39,958 INFO test_Amsterdam_GE3T_124: shape=132x256x83 spacing=(1.200,0.977,3.000) orientation=LPS lesion_vol=3297.8mm3 n_lesions=32
2026-08-16 21:25:40,060 INFO test_Amsterdam_GE3T_125: shape=132x256x83 spacing=(1.200,0.977,3.000) orientation=LPS lesion_vol=819.2mm3 n_lesions=12
2026-08-16 21:25:40,163 INFO test_Amsterdam_GE3T_127: shape=132x256x83 spacing=(1.200,0.977,3.000) orientation=LPS lesion_vol=3452.5mm3 n_lesions=20
2026-08-16 21:25:40,275 INFO test_Amsterdam_GE3T_128: shape=132x256x83 spacing=(1.200,0.977,3.000) orientation=LPS lesion_vol=54230.6mm3 n_lesions=124
2026-08-16 21:25:40,400 INFO test_Amsterdam_GE3T_129: shape=132x256x83 spacing=(1.200,0.977,3.000) orientation=LPS lesion_vol=29820.7mm3 n_lesions=103
2026-08-16 21:25:40,507 INFO test_Amsterdam_GE3T_130: shape=132x256x83 spacing=(1.200,0.977,3.000) orientation=LPS lesion_vol=3195.8mm3 n_lesions=87
2026-08-16 21:25:40,608 INFO test_Amsterdam_GE3T_131: shape=132x256x83 spacing=(1.200,0.977,3.000) orientation=LPS lesion_vol=4911.1mm3 n_lesions=37
2026-08-16 21:25:40,719 INFO test_Amsterdam_GE3T_133: shape=132x256x83 spacing=(1.200,0.977,3.000) orientation=LPS lesion_vol=6433.3mm3 n_lesions=47
2026-08-16 21:25:40,831 INFO test_Amsterdam_GE3T_134: shape=132x256x83 spacing=(1.200,0.977,3.000) orientation=LPS lesion_vol=14375.9mm3 n_lesions=64
2026-08-16 21:25:40,937 INFO test_Amsterdam_GE3T_135: shape=132x256x83 spacing=(1.200,0.977,3.000) orientation=LPS lesion_vol=51425.0mm3 n_lesions=25
2026-08-16 21:25:41,052 INFO test_Amsterdam_GE3T_136: shape=132x256x83 spacing=(1.200,0.977,3.000) orientation=LPS lesion_vol=1128.6mm3 n_lesions=17
2026-08-16 21:25:41,156 INFO test_Amsterdam_GE3T_138: shape=132x256x83 spacing=(1.200,0.977,3.000) orientation=LPS lesion_vol=1880.9mm3 n_lesions=39
2026-08-16 21:25:41,255 INFO test_Amsterdam_GE3T_139: shape=132x256x83 spacing=(1.200,0.977,3.000) orientation=LPS lesion_vol=3294.3mm3 n_lesions=74
2026-08-16 21:25:41,356 INFO test_Amsterdam_GE3T_140: shape=132x256x83 spacing=(1.200,0.977,3.000) orientation=LPS lesion_vol=13324.7mm3 n_lesions=37
2026-08-16 21:25:41,459 INFO test_Amsterdam_GE3T_141: shape=132x256x83 spacing=(1.200,0.977,3.000) orientation=LPS lesion_vol=1958.3mm3 n_lesions=27
2026-08-16 21:25:41,564 INFO test_Amsterdam_GE3T_142: shape=132x256x83 spacing=(1.200,0.977,3.000) orientation=LPS lesion_vol=26515.9mm3 n_lesions=50
2026-08-16 21:25:41,667 INFO test_Amsterdam_GE3T_143: shape=132x256x83 spacing=(1.200,0.977,3.000) orientation=LPS lesion_vol=10930.5mm3 n_lesions=49
2026-08-16 21:25:41,769 INFO test_Amsterdam_GE3T_145: shape=132x256x83 spacing=(1.200,0.977,3.000) orientation=LPS lesion_vol=11538.7mm3 n_lesions=123
2026-08-16 21:25:41,868 INFO test_Amsterdam_GE3T_146: shape=132x256x83 spacing=(1.200,0.977,3.000) orientation=LPS lesion_vol=7235.4mm3 n_lesions=103
2026-08-16 21:25:41,982 INFO test_Amsterdam_GE3T_147: shape=140x256x83 spacing=(1.200,0.977,3.000) orientation=LPS lesion_vol=7558.9mm3 n_lesions=124
2026-08-16 21:25:42,076 INFO test_Amsterdam_GE3T_148: shape=124x256x83 spacing=(1.200,0.977,3.000) orientation=LPS lesion_vol=12790.3mm3 n_lesions=31
2026-08-16 21:25:42,185 INFO test_Amsterdam_GE3T_149: shape=136x256x83 spacing=(1.200,0.977,3.000) orientation=LPS lesion_vol=6011.9mm3 n_lesions=76
2026-08-16 21:25:42,365 INFO test_Amsterdam_Philips_VU_.PETMR_01._160: shape=321x240x83 spacing=(0.560,1.042,3.000) orientation=LPS lesion_vol=45051.8mm3 n_lesions=97
2026-08-16 21:25:42,530 INFO test_Amsterdam_Philips_VU_.PETMR_01._161: shape=321x240x83 spacing=(0.560,1.042,3.000) orientation=LPS lesion_vol=11747.7mm3 n_lesions=93
2026-08-16 21:25:42,681 INFO test_Amsterdam_Philips_VU_.PETMR_01._162: shape=321x240x83 spacing=(0.560,1.042,3.000) orientation=LPS lesion_vol=5759.2mm3 n_lesions=90
2026-08-16 21:25:42,833 INFO test_Amsterdam_Philips_VU_.PETMR_01._163: shape=321x240x83 spacing=(0.560,1.042,3.000) orientation=LPS lesion_vol=1142.8mm3 n_lesions=22
2026-08-16 21:25:43,003 INFO test_Amsterdam_Philips_VU_.PETMR_01._164: shape=321x240x83 spacing=(0.560,1.042,3.000) orientation=LPS lesion_vol=3389.7mm3 n_lesions=20
2026-08-16 21:25:43,171 INFO test_Amsterdam_Philips_VU_.PETMR_01._165: shape=321x240x83 spacing=(0.560,1.042,3.000) orientation=LPS lesion_vol=3991.7mm3 n_lesions=94
2026-08-16 21:25:43,330 INFO test_Amsterdam_Philips_VU_.PETMR_01._166: shape=321x240x83 spacing=(0.560,1.042,3.000) orientation=LPS lesion_vol=9506.0mm3 n_lesions=30
2026-08-16 21:25:43,486 INFO test_Amsterdam_Philips_VU_.PETMR_01._167: shape=321x240x83 spacing=(0.560,1.042,3.000) orientation=LPS lesion_vol=13275.4mm3 n_lesions=105
2026-08-16 21:25:43,648 INFO test_Amsterdam_Philips_VU_.PETMR_01._168: shape=321x240x83 spacing=(0.560,1.042,3.000) orientation=LPS lesion_vol=1226.8mm3 n_lesions=34
2026-08-16 21:25:43,815 INFO test_Amsterdam_Philips_VU_.PETMR_01._169: shape=321x240x83 spacing=(0.560,1.042,3.000) orientation=LPS lesion_vol=14107.1mm3 n_lesions=164
2026-08-16 21:25:43,923 INFO test_Singapore_Singapore_70: shape=232x256x48 spacing=(1.000,1.000,3.000) orientation=LPS lesion_vol=7368.0mm3 n_lesions=64
2026-08-16 21:25:44,029 INFO test_Singapore_Singapore_71: shape=232x256x48 spacing=(1.000,1.000,3.000) orientation=LPS lesion_vol=24843.0mm3 n_lesions=52
2026-08-16 21:25:44,141 INFO test_Singapore_Singapore_72: shape=232x256x48 spacing=(1.000,1.000,3.000) orientation=LPS lesion_vol=80511.1mm3 n_lesions=43
2026-08-16 21:25:44,241 INFO test_Singapore_Singapore_73: shape=232x256x48 spacing=(1.000,1.000,3.000) orientation=LPS lesion_vol=903.0mm3 n_lesions=18
2026-08-16 21:25:44,345 INFO test_Singapore_Singapore_74: shape=232x256x48 spacing=(1.000,1.000,3.000) orientation=LPS lesion_vol=3060.0mm3 n_lesions=42
2026-08-16 21:25:44,451 INFO test_Singapore_Singapore_75: shape=232x256x48 spacing=(1.000,1.000,3.000) orientation=LPS lesion_vol=1356.0mm3 n_lesions=27
2026-08-16 21:25:44,558 INFO test_Singapore_Singapore_76: shape=232x256x48 spacing=(1.000,1.000,3.000) orientation=LPS lesion_vol=3291.0mm3 n_lesions=60
2026-08-16 21:25:44,662 INFO test_Singapore_Singapore_77: shape=232x256x48 spacing=(1.000,1.000,3.000) orientation=LPS lesion_vol=10818.0mm3 n_lesions=90
2026-08-16 21:25:44,765 INFO test_Singapore_Singapore_78: shape=232x256x48 spacing=(1.000,1.000,3.000) orientation=LPS lesion_vol=2394.0mm3 n_lesions=30
2026-08-16 21:25:44,873 INFO test_Singapore_Singapore_79: shape=232x256x48 spacing=(1.000,1.000,3.000) orientation=LPS lesion_vol=7620.0mm3 n_lesions=20
2026-08-16 21:25:44,980 INFO test_Singapore_Singapore_80: shape=232x256x48 spacing=(1.000,1.000,3.000) orientation=LPS lesion_vol=18174.0mm3 n_lesions=80
2026-08-16 21:25:45,091 INFO test_Singapore_Singapore_81: shape=232x256x48 spacing=(1.000,1.000,3.000) orientation=LPS lesion_vol=34980.0mm3 n_lesions=36
2026-08-16 21:25:45,196 INFO test_Singapore_Singapore_82: shape=232x256x48 spacing=(1.000,1.000,3.000) orientation=LPS lesion_vol=12303.0mm3 n_lesions=62
2026-08-16 21:25:45,305 INFO test_Singapore_Singapore_83: shape=232x256x48 spacing=(1.000,1.000,3.000) orientation=LPS lesion_vol=4665.0mm3 n_lesions=75
2026-08-16 21:25:45,412 INFO test_Singapore_Singapore_84: shape=232x256x48 spacing=(1.000,1.000,3.000) orientation=LPS lesion_vol=23286.0mm3 n_lesions=148
2026-08-16 21:25:45,520 INFO test_Singapore_Singapore_85: shape=232x256x48 spacing=(1.000,1.000,3.000) orientation=LPS lesion_vol=20262.0mm3 n_lesions=70
2026-08-16 21:25:45,626 INFO test_Singapore_Singapore_86: shape=232x256x48 spacing=(1.000,1.000,3.000) orientation=LPS lesion_vol=27153.0mm3 n_lesions=69
2026-08-16 21:25:45,735 INFO test_Singapore_Singapore_87: shape=232x256x48 spacing=(1.000,1.000,3.000) orientation=LPS lesion_vol=20274.0mm3 n_lesions=50
2026-08-16 21:25:45,840 INFO test_Singapore_Singapore_88: shape=232x256x48 spacing=(1.000,1.000,3.000) orientation=LPS lesion_vol=8874.0mm3 n_lesions=76
2026-08-16 21:25:45,942 INFO test_Singapore_Singapore_89: shape=232x256x48 spacing=(1.000,1.000,3.000) orientation=LPS lesion_vol=966.0mm3 n_lesions=19
2026-08-16 21:25:46,045 INFO test_Singapore_Singapore_90: shape=232x256x48 spacing=(1.000,1.000,3.000) orientation=LPS lesion_vol=4335.0mm3 n_lesions=57
2026-08-16 21:25:46,147 INFO test_Singapore_Singapore_91: shape=232x256x48 spacing=(1.000,1.000,3.000) orientation=LPS lesion_vol=11904.0mm3 n_lesions=30
2026-08-16 21:25:46,249 INFO test_Singapore_Singapore_92: shape=232x256x48 spacing=(1.000,1.000,3.000) orientation=LPS lesion_vol=22281.0mm3 n_lesions=83
2026-08-16 21:25:46,361 INFO test_Singapore_Singapore_93: shape=232x256x48 spacing=(1.000,1.000,3.000) orientation=LPS lesion_vol=9453.0mm3 n_lesions=55
2026-08-16 21:25:46,459 INFO test_Singapore_Singapore_94: shape=232x256x48 spacing=(1.000,1.000,3.000) orientation=LPS lesion_vol=28920.0mm3 n_lesions=63
2026-08-16 21:25:46,565 INFO test_Singapore_Singapore_95: shape=232x256x48 spacing=(1.000,1.000,3.000) orientation=LPS lesion_vol=18021.0mm3 n_lesions=72
2026-08-16 21:25:46,669 INFO test_Singapore_Singapore_96: shape=232x256x48 spacing=(1.000,1.000,3.000) orientation=LPS lesion_vol=61032.0mm3 n_lesions=140
2026-08-16 21:25:46,772 INFO test_Singapore_Singapore_97: shape=232x256x48 spacing=(1.000,1.000,3.000) orientation=LPS lesion_vol=18165.0mm3 n_lesions=38
2026-08-16 21:25:46,877 INFO test_Singapore_Singapore_98: shape=232x256x48 spacing=(1.000,1.000,3.000) orientation=LPS lesion_vol=4458.0mm3 n_lesions=55
2026-08-16 21:25:46,979 INFO test_Singapore_Singapore_99: shape=232x256x48 spacing=(1.000,1.000,3.000) orientation=LPS lesion_vol=2544.0mm3 n_lesions=31
2026-08-16 21:25:47,065 INFO test_Utrecht_Utrecht_1: shape=240x240x48 spacing=(0.958,0.958,3.000) orientation=LPS lesion_vol=4102.5mm3 n_lesions=70
2026-08-16 21:25:47,147 INFO test_Utrecht_Utrecht_10: shape=240x240x48 spacing=(0.958,0.958,3.000) orientation=LPS lesion_vol=6640.0mm3 n_lesions=62
2026-08-16 21:25:47,231 INFO test_Utrecht_Utrecht_12: shape=240x240x48 spacing=(0.958,0.958,3.000) orientation=LPS lesion_vol=1518.1mm3 n_lesions=40
2026-08-16 21:25:47,317 INFO test_Utrecht_Utrecht_13: shape=240x240x48 spacing=(0.958,0.958,3.000) orientation=LPS lesion_vol=51406.7mm3 n_lesions=111
2026-08-16 21:25:47,406 INFO test_Utrecht_Utrecht_14: shape=240x240x48 spacing=(0.958,0.958,3.000) orientation=LPS lesion_vol=14261.0mm3 n_lesions=112
2026-08-16 21:25:47,491 INFO test_Utrecht_Utrecht_15: shape=240x240x48 spacing=(0.958,0.958,3.000) orientation=LPS lesion_vol=7505.2mm3 n_lesions=51
2026-08-16 21:25:47,578 INFO test_Utrecht_Utrecht_16: shape=240x240x48 spacing=(0.958,0.958,3.000) orientation=LPS lesion_vol=12745.6mm3 n_lesions=101
2026-08-16 21:25:47,669 INFO test_Utrecht_Utrecht_18: shape=240x240x48 spacing=(0.958,0.958,3.000) orientation=LPS lesion_vol=2140.8mm3 n_lesions=45
2026-08-16 21:25:47,759 INFO test_Utrecht_Utrecht_20: shape=240x240x48 spacing=(0.958,0.958,3.000) orientation=LPS lesion_vol=15338.2mm3 n_lesions=76
2026-08-16 21:25:47,848 INFO test_Utrecht_Utrecht_22: shape=240x240x48 spacing=(0.958,0.958,3.000) orientation=LPS lesion_vol=11811.6mm3 n_lesions=49
2026-08-16 21:25:47,936 INFO test_Utrecht_Utrecht_24: shape=240x240x48 spacing=(0.958,0.958,3.000) orientation=LPS lesion_vol=34933.3mm3 n_lesions=69
2026-08-16 21:25:48,021 INFO test_Utrecht_Utrecht_26: shape=240x240x48 spacing=(0.958,0.958,3.000) orientation=LPS lesion_vol=53632.9mm3 n_lesions=67
2026-08-16 21:25:48,111 INFO test_Utrecht_Utrecht_28: shape=240x240x48 spacing=(0.958,0.958,3.000) orientation=LPS lesion_vol=39201.1mm3 n_lesions=52
2026-08-16 21:25:48,210 INFO test_Utrecht_Utrecht_3: shape=240x240x48 spacing=(0.958,0.958,3.000) orientation=LPS lesion_vol=19608.8mm3 n_lesions=96
2026-08-16 21:25:48,295 INFO test_Utrecht_Utrecht_30: shape=240x240x48 spacing=(0.958,0.958,3.000) orientation=LPS lesion_vol=23088.6mm3 n_lesions=72
2026-08-16 21:25:48,379 INFO test_Utrecht_Utrecht_32: shape=240x240x48 spacing=(0.958,0.958,3.000) orientation=LPS lesion_vol=13809.1mm3 n_lesions=63
2026-08-16 21:25:48,470 INFO test_Utrecht_Utrecht_34: shape=240x240x48 spacing=(0.958,0.958,3.000) orientation=LPS lesion_vol=1936.9mm3 n_lesions=41
2026-08-16 21:25:48,560 INFO test_Utrecht_Utrecht_36: shape=240x240x48 spacing=(0.958,0.958,3.000) orientation=LPS lesion_vol=1782.6mm3 n_lesions=51
2026-08-16 21:25:48,641 INFO test_Utrecht_Utrecht_38: shape=240x240x48 spacing=(0.958,0.958,3.000) orientation=LPS lesion_vol=4262.3mm3 n_lesions=84
2026-08-16 21:25:48,730 INFO test_Utrecht_Utrecht_40: shape=240x240x48 spacing=(0.958,0.958,3.000) orientation=LPS lesion_vol=14880.9mm3 n_lesions=68
2026-08-16 21:25:48,821 INFO test_Utrecht_Utrecht_42: shape=240x240x48 spacing=(0.958,0.958,3.000) orientation=LPS lesion_vol=14087.4mm3 n_lesions=89
2026-08-16 21:25:48,907 INFO test_Utrecht_Utrecht_43: shape=240x240x48 spacing=(0.958,0.958,3.000) orientation=LPS lesion_vol=994.6mm3 n_lesions=23
2026-08-16 21:25:48,989 INFO test_Utrecht_Utrecht_44: shape=240x240x48 spacing=(0.958,0.958,3.000) orientation=LPS lesion_vol=4780.3mm3 n_lesions=61
2026-08-16 21:25:49,071 INFO test_Utrecht_Utrecht_45: shape=240x240x48 spacing=(0.958,0.958,3.000) orientation=LPS lesion_vol=2992.2mm3 n_lesions=49
2026-08-16 21:25:49,158 INFO test_Utrecht_Utrecht_46: shape=240x240x48 spacing=(0.958,0.958,3.000) orientation=LPS lesion_vol=41198.6mm3 n_lesions=68
2026-08-16 21:25:49,257 INFO test_Utrecht_Utrecht_47: shape=240x240x48 spacing=(0.958,0.958,3.000) orientation=LPS lesion_vol=21884.6mm3 n_lesions=194
2026-08-16 21:25:49,342 INFO test_Utrecht_Utrecht_48: shape=240x240x48 spacing=(0.958,0.958,3.000) orientation=LPS lesion_vol=1722.0mm3 n_lesions=34
2026-08-16 21:25:49,423 INFO test_Utrecht_Utrecht_5: shape=240x240x48 spacing=(0.958,0.958,3.000) orientation=LPS lesion_vol=2088.4mm3 n_lesions=15
2026-08-16 21:25:49,503 INFO test_Utrecht_Utrecht_7: shape=240x240x48 spacing=(0.958,0.958,3.000) orientation=LPS lesion_vol=28643.1mm3 n_lesions=81
2026-08-16 21:25:49,592 INFO test_Utrecht_Utrecht_9: shape=240x240x48 spacing=(0.958,0.958,3.000) orientation=LPS lesion_vol=195154.2mm3 n_lesions=23
2026-08-16 21:25:49,691 INFO training_Amsterdam_GE3T_100: shape=132x256x83 spacing=(1.200,0.977,3.000) orientation=LPS lesion_vol=6272.1mm3 n_lesions=99
2026-08-16 21:25:49,792 INFO training_Amsterdam_GE3T_101: shape=132x256x83 spacing=(1.200,0.977,3.000) orientation=LPS lesion_vol=3111.4mm3 n_lesions=25
2026-08-16 21:25:49,885 INFO training_Amsterdam_GE3T_102: shape=132x256x83 spacing=(1.200,0.977,3.000) orientation=LPS lesion_vol=4355.7mm3 n_lesions=115
2026-08-16 21:25:49,977 INFO training_Amsterdam_GE3T_103: shape=132x256x83 spacing=(1.200,0.977,3.000) orientation=LPS lesion_vol=22715.3mm3 n_lesions=84
2026-08-16 21:25:50,085 INFO training_Amsterdam_GE3T_104: shape=132x256x83 spacing=(1.200,0.977,3.000) orientation=LPS lesion_vol=29300.3mm3 n_lesions=83
2026-08-16 21:25:50,189 INFO training_Amsterdam_GE3T_105: shape=132x256x83 spacing=(1.200,0.977,3.000) orientation=LPS lesion_vol=11433.3mm3 n_lesions=44
2026-08-16 21:25:50,292 INFO training_Amsterdam_GE3T_106: shape=132x256x83 spacing=(1.200,0.977,3.000) orientation=LPS lesion_vol=3027.1mm3 n_lesions=16
2026-08-16 21:25:50,393 INFO training_Amsterdam_GE3T_107: shape=132x256x83 spacing=(1.200,0.977,3.000) orientation=LPS lesion_vol=6240.5mm3 n_lesions=35
2026-08-16 21:25:50,488 INFO training_Amsterdam_GE3T_108: shape=132x256x83 spacing=(1.200,0.977,3.000) orientation=LPS lesion_vol=1522.3mm3 n_lesions=19
2026-08-16 21:25:50,587 INFO training_Amsterdam_GE3T_109: shape=132x256x83 spacing=(1.200,0.977,3.000) orientation=LPS lesion_vol=1926.6mm3 n_lesions=50
2026-08-16 21:25:50,683 INFO training_Amsterdam_GE3T_110: shape=132x256x83 spacing=(1.200,0.977,3.000) orientation=LPS lesion_vol=3224.0mm3 n_lesions=43
2026-08-16 21:25:50,780 INFO training_Amsterdam_GE3T_112: shape=132x256x83 spacing=(1.200,0.977,3.000) orientation=LPS lesion_vol=5758.8mm3 n_lesions=76
2026-08-16 21:25:50,879 INFO training_Amsterdam_GE3T_113: shape=132x256x83 spacing=(1.200,0.977,3.000) orientation=LPS lesion_vol=22669.6mm3 n_lesions=82
2026-08-16 21:25:50,978 INFO training_Amsterdam_GE3T_114: shape=132x256x83 spacing=(1.200,0.977,3.000) orientation=LPS lesion_vol=16865.1mm3 n_lesions=78
2026-08-16 21:25:51,072 INFO training_Amsterdam_GE3T_115: shape=132x256x83 spacing=(1.200,0.977,3.000) orientation=LPS lesion_vol=3329.4mm3 n_lesions=35
2026-08-16 21:25:51,173 INFO training_Amsterdam_GE3T_116: shape=132x256x83 spacing=(1.200,0.977,3.000) orientation=LPS lesion_vol=2155.2mm3 n_lesions=35
2026-08-16 21:25:51,272 INFO training_Amsterdam_GE3T_126: shape=132x256x83 spacing=(1.200,0.977,3.000) orientation=LPS lesion_vol=16615.5mm3 n_lesions=47
2026-08-16 21:25:51,368 INFO training_Amsterdam_GE3T_132: shape=132x256x83 spacing=(1.200,0.977,3.000) orientation=LPS lesion_vol=43528.6mm3 n_lesions=49
2026-08-16 21:25:51,463 INFO training_Amsterdam_GE3T_137: shape=132x256x83 spacing=(1.200,0.977,3.000) orientation=LPS lesion_vol=8972.2mm3 n_lesions=152
2026-08-16 21:25:51,560 INFO training_Amsterdam_GE3T_144: shape=132x256x83 spacing=(1.200,0.977,3.000) orientation=LPS lesion_vol=2222.0mm3 n_lesions=82
2026-08-16 21:25:51,665 INFO training_Singapore_Singapore_50: shape=256x232x48 spacing=(1.000,1.000,3.000) orientation=LPS lesion_vol=25683.0mm3 n_lesions=70
2026-08-16 21:25:51,773 INFO training_Singapore_Singapore_51: shape=256x232x48 spacing=(1.000,1.000,3.000) orientation=LPS lesion_vol=26598.0mm3 n_lesions=77
2026-08-16 21:25:51,873 INFO training_Singapore_Singapore_52: shape=232x256x48 spacing=(1.000,1.000,3.000) orientation=LPS lesion_vol=4944.0mm3 n_lesions=50
2026-08-16 21:25:51,974 INFO training_Singapore_Singapore_53: shape=232x256x48 spacing=(1.000,1.000,3.000) orientation=LPS lesion_vol=1143.0mm3 n_lesions=46
2026-08-16 21:25:52,077 INFO training_Singapore_Singapore_54: shape=232x256x48 spacing=(1.000,1.000,3.000) orientation=LPS lesion_vol=786.0mm3 n_lesions=18
2026-08-16 21:25:52,181 INFO training_Singapore_Singapore_55: shape=232x256x48 spacing=(1.000,1.000,3.000) orientation=LPS lesion_vol=2895.0mm3 n_lesions=33
2026-08-16 21:25:52,281 INFO training_Singapore_Singapore_56: shape=232x256x48 spacing=(1.000,1.000,3.000) orientation=LPS lesion_vol=16386.0mm3 n_lesions=32
2026-08-16 21:25:52,378 INFO training_Singapore_Singapore_57: shape=232x256x48 spacing=(1.000,1.000,3.000) orientation=LPS lesion_vol=15567.0mm3 n_lesions=40
2026-08-16 21:25:52,484 INFO training_Singapore_Singapore_58: shape=232x256x48 spacing=(1.000,1.000,3.000) orientation=LPS lesion_vol=1629.0mm3 n_lesions=22
2026-08-16 21:25:52,584 INFO training_Singapore_Singapore_59: shape=232x256x48 spacing=(1.000,1.000,3.000) orientation=LPS lesion_vol=17592.0mm3 n_lesions=63
2026-08-16 21:25:52,688 INFO training_Singapore_Singapore_60: shape=232x256x48 spacing=(1.000,1.000,3.000) orientation=LPS lesion_vol=21363.0mm3 n_lesions=37
2026-08-16 21:25:52,797 INFO training_Singapore_Singapore_61: shape=232x256x48 spacing=(1.000,1.000,3.000) orientation=LPS lesion_vol=14550.0mm3 n_lesions=40
2026-08-16 21:25:52,899 INFO training_Singapore_Singapore_62: shape=232x256x48 spacing=(1.000,1.000,3.000) orientation=LPS lesion_vol=61332.1mm3 n_lesions=82
2026-08-16 21:25:52,999 INFO training_Singapore_Singapore_63: shape=232x256x48 spacing=(1.000,1.000,3.000) orientation=LPS lesion_vol=35889.0mm3 n_lesions=26
2026-08-16 21:25:53,098 INFO training_Singapore_Singapore_64: shape=232x256x48 spacing=(1.000,1.000,3.000) orientation=LPS lesion_vol=16296.0mm3 n_lesions=42
2026-08-16 21:25:53,206 INFO training_Singapore_Singapore_65: shape=232x256x48 spacing=(1.000,1.000,3.000) orientation=LPS lesion_vol=18099.0mm3 n_lesions=82
2026-08-16 21:25:53,311 INFO training_Singapore_Singapore_66: shape=232x256x48 spacing=(1.000,1.000,3.000) orientation=LPS lesion_vol=11958.0mm3 n_lesions=80
2026-08-16 21:25:53,421 INFO training_Singapore_Singapore_67: shape=232x256x48 spacing=(1.000,1.000,3.000) orientation=LPS lesion_vol=35244.0mm3 n_lesions=37
2026-08-16 21:25:53,526 INFO training_Singapore_Singapore_68: shape=232x256x48 spacing=(1.000,1.000,3.000) orientation=LPS lesion_vol=36720.0mm3 n_lesions=40
2026-08-16 21:25:53,642 INFO training_Singapore_Singapore_69: shape=232x256x48 spacing=(1.000,1.000,3.000) orientation=LPS lesion_vol=17583.0mm3 n_lesions=64
2026-08-16 21:25:53,731 INFO training_Utrecht_Utrecht_0: shape=240x240x48 spacing=(0.958,0.958,3.000) orientation=LPS lesion_vol=24185.2mm3 n_lesions=80
2026-08-16 21:25:53,820 INFO training_Utrecht_Utrecht_11: shape=240x240x48 spacing=(0.958,0.958,3.000) orientation=LPS lesion_vol=2463.2mm3 n_lesions=57
2026-08-16 21:25:53,904 INFO training_Utrecht_Utrecht_17: shape=240x240x48 spacing=(0.958,0.958,3.000) orientation=LPS lesion_vol=3504.6mm3 n_lesions=34
2026-08-16 21:25:53,989 INFO training_Utrecht_Utrecht_19: shape=240x240x48 spacing=(0.958,0.958,3.000) orientation=LPS lesion_vol=11891.5mm3 n_lesions=77
2026-08-16 21:25:54,084 INFO training_Utrecht_Utrecht_2: shape=240x240x48 spacing=(0.958,0.958,3.000) orientation=LPS lesion_vol=32674.0mm3 n_lesions=140
2026-08-16 21:25:54,174 INFO training_Utrecht_Utrecht_21: shape=240x240x48 spacing=(0.958,0.958,3.000) orientation=LPS lesion_vol=24854.8mm3 n_lesions=115
2026-08-16 21:25:54,262 INFO training_Utrecht_Utrecht_23: shape=240x240x48 spacing=(0.958,0.958,3.000) orientation=LPS lesion_vol=914.7mm3 n_lesions=21
2026-08-16 21:25:54,385 INFO training_Utrecht_Utrecht_25: shape=240x240x48 spacing=(0.958,0.958,3.000) orientation=LPS lesion_vol=24088.8mm3 n_lesions=38
2026-08-16 21:25:54,472 INFO training_Utrecht_Utrecht_27: shape=240x240x48 spacing=(0.958,0.958,3.000) orientation=LPS lesion_vol=845.8mm3 n_lesions=18
2026-08-16 21:25:54,564 INFO training_Utrecht_Utrecht_29: shape=240x240x48 spacing=(0.958,0.958,3.000) orientation=LPS lesion_vol=44309.3mm3 n_lesions=81
2026-08-16 21:25:54,655 INFO training_Utrecht_Utrecht_31: shape=240x240x48 spacing=(0.958,0.958,3.000) orientation=LPS lesion_vol=67968.2mm3 n_lesions=104
2026-08-16 21:25:54,742 INFO training_Utrecht_Utrecht_33: shape=240x240x48 spacing=(0.958,0.958,3.000) orientation=LPS lesion_vol=3945.5mm3 n_lesions=60
2026-08-16 21:25:54,830 INFO training_Utrecht_Utrecht_35: shape=240x240x48 spacing=(0.958,0.958,3.000) orientation=LPS lesion_vol=2832.4mm3 n_lesions=45
2026-08-16 21:25:54,921 INFO training_Utrecht_Utrecht_37: shape=240x240x48 spacing=(0.958,0.958,3.000) orientation=LPS lesion_vol=74991.4mm3 n_lesions=138
2026-08-16 21:25:55,011 INFO training_Utrecht_Utrecht_39: shape=240x240x48 spacing=(0.958,0.958,3.000) orientation=LPS lesion_vol=45739.3mm3 n_lesions=110
2026-08-16 21:25:55,114 INFO training_Utrecht_Utrecht_4: shape=240x240x48 spacing=(0.958,0.958,3.000) orientation=LPS lesion_vol=31106.3mm3 n_lesions=62
2026-08-16 21:25:55,200 INFO training_Utrecht_Utrecht_41: shape=240x240x48 spacing=(0.958,0.958,3.000) orientation=LPS lesion_vol=32957.8mm3 n_lesions=75
2026-08-16 21:25:55,288 INFO training_Utrecht_Utrecht_49: shape=240x240x48 spacing=(0.958,0.958,3.000) orientation=LPS lesion_vol=26571.2mm3 n_lesions=113
2026-08-16 21:25:55,376 INFO training_Utrecht_Utrecht_6: shape=240x240x48 spacing=(0.958,0.958,3.000) orientation=LPS lesion_vol=1774.4mm3 n_lesions=23
2026-08-16 21:25:55,465 INFO training_Utrecht_Utrecht_8: shape=240x240x48 spacing=(0.958,0.958,3.000) orientation=LPS lesion_vol=1504.3mm3 n_lesions=59
2026-08-16 21:25:55,467 INFO Orientation code distribution:
orientation_code
LPS    170
2026-08-16 21:25:55,476 INFO Wrote /home/ahaan/college/year-4/Medical Imaging MRI WMH project/checks-and-prototyping-week1/metadata/outputs/subject_index.csv
2026-08-16 21:59:17,813 INFO Building subject index for 170 subjects.
2026-08-16 21:59:17,921 INFO test_Amsterdam_GE1T5_150: shape=128x256x103 spacing=(1.300,1.211,3.000) orientation=LPS lesion_vol=4571.6mm3 n_lesions=42
2026-08-16 21:59:18,044 INFO test_Amsterdam_GE1T5_151: shape=128x256x103 spacing=(1.300,1.211,3.000) orientation=LPS lesion_vol=69237.6mm3 n_lesions=112
2026-08-16 21:59:18,166 INFO test_Amsterdam_GE1T5_152: shape=128x256x103 spacing=(1.300,1.211,3.000) orientation=LPS lesion_vol=8467.8mm3 n_lesions=53
2026-08-16 21:59:18,276 INFO test_Amsterdam_GE1T5_153: shape=128x256x103 spacing=(1.300,1.211,3.000) orientation=LPS lesion_vol=854.7mm3 n_lesions=21
2026-08-16 21:59:18,386 INFO test_Amsterdam_GE1T5_154: shape=128x256x103 spacing=(1.300,1.211,3.000) orientation=LPS lesion_vol=13072.6mm3 n_lesions=42
2026-08-16 21:59:18,495 INFO test_Amsterdam_GE1T5_155: shape=128x256x103 spacing=(1.300,1.211,3.000) orientation=LPS lesion_vol=19746.6mm3 n_lesions=139
2026-08-16 21:59:18,607 INFO test_Amsterdam_GE1T5_156: shape=128x256x103 spacing=(1.300,1.211,3.000) orientation=LPS lesion_vol=2342.5mm3 n_lesions=35
2026-08-16 21:59:18,708 INFO test_Amsterdam_GE1T5_157: shape=124x256x103 spacing=(1.300,1.211,3.000) orientation=LPS lesion_vol=902.0mm3 n_lesions=22
2026-08-16 21:59:18,813 INFO test_Amsterdam_GE1T5_158: shape=124x256x103 spacing=(1.300,1.211,3.000) orientation=LPS lesion_vol=8528.6mm3 n_lesions=146
2026-08-16 21:59:18,916 INFO test_Amsterdam_GE1T5_159: shape=124x256x103 spacing=(1.300,1.211,3.000) orientation=LPS lesion_vol=31682.2mm3 n_lesions=119
2026-08-16 21:59:19,021 INFO test_Amsterdam_GE3T_111: shape=132x256x83 spacing=(1.200,0.977,3.000) orientation=LPS lesion_vol=22082.5mm3 n_lesions=66
2026-08-16 21:59:19,124 INFO test_Amsterdam_GE3T_117: shape=132x256x83 spacing=(1.200,0.977,3.000) orientation=LPS lesion_vol=46907.3mm3 n_lesions=60
2026-08-16 21:59:19,232 INFO test_Amsterdam_GE3T_118: shape=132x256x83 spacing=(1.200,0.977,3.000) orientation=LPS lesion_vol=2415.3mm3 n_lesions=57
2026-08-16 21:59:19,335 INFO test_Amsterdam_GE3T_119: shape=132x256x83 spacing=(1.200,0.977,3.000) orientation=LPS lesion_vol=39267.5mm3 n_lesions=45
2026-08-16 21:59:19,443 INFO test_Amsterdam_GE3T_120: shape=132x256x83 spacing=(1.200,0.977,3.000) orientation=LPS lesion_vol=6296.7mm3 n_lesions=75
2026-08-16 21:59:19,542 INFO test_Amsterdam_GE3T_121: shape=132x256x83 spacing=(1.200,0.977,3.000) orientation=LPS lesion_vol=9661.3mm3 n_lesions=38
2026-08-16 21:59:19,645 INFO test_Amsterdam_GE3T_122: shape=132x256x83 spacing=(1.200,0.977,3.000) orientation=LPS lesion_vol=3378.6mm3 n_lesions=26
2026-08-16 21:59:19,752 INFO test_Amsterdam_GE3T_123: shape=132x256x83 spacing=(1.200,0.977,3.000) orientation=LPS lesion_vol=1951.2mm3 n_lesions=19
2026-08-16 21:59:19,858 INFO test_Amsterdam_GE3T_124: shape=132x256x83 spacing=(1.200,0.977,3.000) orientation=LPS lesion_vol=3297.8mm3 n_lesions=32
2026-08-16 21:59:19,955 INFO test_Amsterdam_GE3T_125: shape=132x256x83 spacing=(1.200,0.977,3.000) orientation=LPS lesion_vol=819.2mm3 n_lesions=12
2026-08-16 21:59:20,052 INFO test_Amsterdam_GE3T_127: shape=132x256x83 spacing=(1.200,0.977,3.000) orientation=LPS lesion_vol=3452.5mm3 n_lesions=20
2026-08-16 21:59:20,161 INFO test_Amsterdam_GE3T_128: shape=132x256x83 spacing=(1.200,0.977,3.000) orientation=LPS lesion_vol=54230.6mm3 n_lesions=124
2026-08-16 21:59:20,266 INFO test_Amsterdam_GE3T_129: shape=132x256x83 spacing=(1.200,0.977,3.000) orientation=LPS lesion_vol=29820.7mm3 n_lesions=103
2026-08-16 21:59:20,369 INFO test_Amsterdam_GE3T_130: shape=132x256x83 spacing=(1.200,0.977,3.000) orientation=LPS lesion_vol=3195.8mm3 n_lesions=87
2026-08-16 21:59:20,467 INFO test_Amsterdam_GE3T_131: shape=132x256x83 spacing=(1.200,0.977,3.000) orientation=LPS lesion_vol=4911.1mm3 n_lesions=37
2026-08-16 21:59:20,577 INFO test_Amsterdam_GE3T_133: shape=132x256x83 spacing=(1.200,0.977,3.000) orientation=LPS lesion_vol=6433.3mm3 n_lesions=47
2026-08-16 21:59:20,687 INFO test_Amsterdam_GE3T_134: shape=132x256x83 spacing=(1.200,0.977,3.000) orientation=LPS lesion_vol=14375.9mm3 n_lesions=64
2026-08-16 21:59:20,793 INFO test_Amsterdam_GE3T_135: shape=132x256x83 spacing=(1.200,0.977,3.000) orientation=LPS lesion_vol=51425.0mm3 n_lesions=25
2026-08-16 21:59:20,900 INFO test_Amsterdam_GE3T_136: shape=132x256x83 spacing=(1.200,0.977,3.000) orientation=LPS lesion_vol=1128.6mm3 n_lesions=17
2026-08-16 21:59:21,001 INFO test_Amsterdam_GE3T_138: shape=132x256x83 spacing=(1.200,0.977,3.000) orientation=LPS lesion_vol=1880.9mm3 n_lesions=39
2026-08-16 21:59:21,099 INFO test_Amsterdam_GE3T_139: shape=132x256x83 spacing=(1.200,0.977,3.000) orientation=LPS lesion_vol=3294.3mm3 n_lesions=74
2026-08-16 21:59:21,198 INFO test_Amsterdam_GE3T_140: shape=132x256x83 spacing=(1.200,0.977,3.000) orientation=LPS lesion_vol=13324.7mm3 n_lesions=37
2026-08-16 21:59:21,302 INFO test_Amsterdam_GE3T_141: shape=132x256x83 spacing=(1.200,0.977,3.000) orientation=LPS lesion_vol=1958.3mm3 n_lesions=27
2026-08-16 21:59:21,407 INFO test_Amsterdam_GE3T_142: shape=132x256x83 spacing=(1.200,0.977,3.000) orientation=LPS lesion_vol=26515.9mm3 n_lesions=50
2026-08-16 21:59:21,509 INFO test_Amsterdam_GE3T_143: shape=132x256x83 spacing=(1.200,0.977,3.000) orientation=LPS lesion_vol=10930.5mm3 n_lesions=49
2026-08-16 21:59:21,613 INFO test_Amsterdam_GE3T_145: shape=132x256x83 spacing=(1.200,0.977,3.000) orientation=LPS lesion_vol=11538.7mm3 n_lesions=123
2026-08-16 21:59:21,712 INFO test_Amsterdam_GE3T_146: shape=132x256x83 spacing=(1.200,0.977,3.000) orientation=LPS lesion_vol=7235.4mm3 n_lesions=103
2026-08-16 21:59:21,826 INFO test_Amsterdam_GE3T_147: shape=140x256x83 spacing=(1.200,0.977,3.000) orientation=LPS lesion_vol=7558.9mm3 n_lesions=124
2026-08-16 21:59:21,919 INFO test_Amsterdam_GE3T_148: shape=124x256x83 spacing=(1.200,0.977,3.000) orientation=LPS lesion_vol=12790.3mm3 n_lesions=31
2026-08-16 21:59:22,027 INFO test_Amsterdam_GE3T_149: shape=136x256x83 spacing=(1.200,0.977,3.000) orientation=LPS lesion_vol=6011.9mm3 n_lesions=76
2026-08-16 21:59:22,195 INFO test_Amsterdam_Philips_VU_.PETMR_01._160: shape=321x240x83 spacing=(0.560,1.042,3.000) orientation=LPS lesion_vol=45051.8mm3 n_lesions=97
2026-08-16 21:59:22,344 INFO test_Amsterdam_Philips_VU_.PETMR_01._161: shape=321x240x83 spacing=(0.560,1.042,3.000) orientation=LPS lesion_vol=11747.7mm3 n_lesions=93
2026-08-16 21:59:22,492 INFO test_Amsterdam_Philips_VU_.PETMR_01._162: shape=321x240x83 spacing=(0.560,1.042,3.000) orientation=LPS lesion_vol=5759.2mm3 n_lesions=90
2026-08-16 21:59:22,640 INFO test_Amsterdam_Philips_VU_.PETMR_01._163: shape=321x240x83 spacing=(0.560,1.042,3.000) orientation=LPS lesion_vol=1142.8mm3 n_lesions=22
2026-08-16 21:59:22,786 INFO test_Amsterdam_Philips_VU_.PETMR_01._164: shape=321x240x83 spacing=(0.560,1.042,3.000) orientation=LPS lesion_vol=3389.7mm3 n_lesions=20
2026-08-16 21:59:22,954 INFO test_Amsterdam_Philips_VU_.PETMR_01._165: shape=321x240x83 spacing=(0.560,1.042,3.000) orientation=LPS lesion_vol=3991.7mm3 n_lesions=94
2026-08-16 21:59:23,111 INFO test_Amsterdam_Philips_VU_.PETMR_01._166: shape=321x240x83 spacing=(0.560,1.042,3.000) orientation=LPS lesion_vol=9506.0mm3 n_lesions=30
2026-08-16 21:59:23,258 INFO test_Amsterdam_Philips_VU_.PETMR_01._167: shape=321x240x83 spacing=(0.560,1.042,3.000) orientation=LPS lesion_vol=13275.4mm3 n_lesions=105
2026-08-16 21:59:23,418 INFO test_Amsterdam_Philips_VU_.PETMR_01._168: shape=321x240x83 spacing=(0.560,1.042,3.000) orientation=LPS lesion_vol=1226.8mm3 n_lesions=34
2026-08-16 21:59:23,583 INFO test_Amsterdam_Philips_VU_.PETMR_01._169: shape=321x240x83 spacing=(0.560,1.042,3.000) orientation=LPS lesion_vol=14107.1mm3 n_lesions=164
2026-08-16 21:59:23,685 INFO test_Singapore_Singapore_70: shape=232x256x48 spacing=(1.000,1.000,3.000) orientation=LPS lesion_vol=7368.0mm3 n_lesions=64
2026-08-16 21:59:23,785 INFO test_Singapore_Singapore_71: shape=232x256x48 spacing=(1.000,1.000,3.000) orientation=LPS lesion_vol=24843.0mm3 n_lesions=52
2026-08-16 21:59:23,892 INFO test_Singapore_Singapore_72: shape=232x256x48 spacing=(1.000,1.000,3.000) orientation=LPS lesion_vol=80511.1mm3 n_lesions=43
2026-08-16 21:59:23,991 INFO test_Singapore_Singapore_73: shape=232x256x48 spacing=(1.000,1.000,3.000) orientation=LPS lesion_vol=903.0mm3 n_lesions=18
2026-08-16 21:59:24,092 INFO test_Singapore_Singapore_74: shape=232x256x48 spacing=(1.000,1.000,3.000) orientation=LPS lesion_vol=3060.0mm3 n_lesions=42
2026-08-16 21:59:24,192 INFO test_Singapore_Singapore_75: shape=232x256x48 spacing=(1.000,1.000,3.000) orientation=LPS lesion_vol=1356.0mm3 n_lesions=27
2026-08-16 21:59:24,297 INFO test_Singapore_Singapore_76: shape=232x256x48 spacing=(1.000,1.000,3.000) orientation=LPS lesion_vol=3291.0mm3 n_lesions=60
2026-08-16 21:59:24,398 INFO test_Singapore_Singapore_77: shape=232x256x48 spacing=(1.000,1.000,3.000) orientation=LPS lesion_vol=10818.0mm3 n_lesions=90
2026-08-16 21:59:24,497 INFO test_Singapore_Singapore_78: shape=232x256x48 spacing=(1.000,1.000,3.000) orientation=LPS lesion_vol=2394.0mm3 n_lesions=30
2026-08-16 21:59:24,600 INFO test_Singapore_Singapore_79: shape=232x256x48 spacing=(1.000,1.000,3.000) orientation=LPS lesion_vol=7620.0mm3 n_lesions=20
2026-08-16 21:59:24,705 INFO test_Singapore_Singapore_80: shape=232x256x48 spacing=(1.000,1.000,3.000) orientation=LPS lesion_vol=18174.0mm3 n_lesions=80
2026-08-16 21:59:24,811 INFO test_Singapore_Singapore_81: shape=232x256x48 spacing=(1.000,1.000,3.000) orientation=LPS lesion_vol=34980.0mm3 n_lesions=36
2026-08-16 21:59:24,911 INFO test_Singapore_Singapore_82: shape=232x256x48 spacing=(1.000,1.000,3.000) orientation=LPS lesion_vol=12303.0mm3 n_lesions=62
2026-08-16 21:59:25,014 INFO test_Singapore_Singapore_83: shape=232x256x48 spacing=(1.000,1.000,3.000) orientation=LPS lesion_vol=4665.0mm3 n_lesions=75
2026-08-16 21:59:25,118 INFO test_Singapore_Singapore_84: shape=232x256x48 spacing=(1.000,1.000,3.000) orientation=LPS lesion_vol=23286.0mm3 n_lesions=148
2026-08-16 21:59:25,221 INFO test_Singapore_Singapore_85: shape=232x256x48 spacing=(1.000,1.000,3.000) orientation=LPS lesion_vol=20262.0mm3 n_lesions=70
2026-08-16 21:59:25,322 INFO test_Singapore_Singapore_86: shape=232x256x48 spacing=(1.000,1.000,3.000) orientation=LPS lesion_vol=27153.0mm3 n_lesions=69
2026-08-16 21:59:25,425 INFO test_Singapore_Singapore_87: shape=232x256x48 spacing=(1.000,1.000,3.000) orientation=LPS lesion_vol=20274.0mm3 n_lesions=50
2026-08-16 21:59:25,525 INFO test_Singapore_Singapore_88: shape=232x256x48 spacing=(1.000,1.000,3.000) orientation=LPS lesion_vol=8874.0mm3 n_lesions=76
2026-08-16 21:59:25,621 INFO test_Singapore_Singapore_89: shape=232x256x48 spacing=(1.000,1.000,3.000) orientation=LPS lesion_vol=966.0mm3 n_lesions=19
2026-08-16 21:59:25,720 INFO test_Singapore_Singapore_90: shape=232x256x48 spacing=(1.000,1.000,3.000) orientation=LPS lesion_vol=4335.0mm3 n_lesions=57
2026-08-16 21:59:25,818 INFO test_Singapore_Singapore_91: shape=232x256x48 spacing=(1.000,1.000,3.000) orientation=LPS lesion_vol=11904.0mm3 n_lesions=30
2026-08-16 21:59:25,918 INFO test_Singapore_Singapore_92: shape=232x256x48 spacing=(1.000,1.000,3.000) orientation=LPS lesion_vol=22281.0mm3 n_lesions=83
2026-08-16 21:59:26,028 INFO test_Singapore_Singapore_93: shape=232x256x48 spacing=(1.000,1.000,3.000) orientation=LPS lesion_vol=9453.0mm3 n_lesions=55
2026-08-16 21:59:26,123 INFO test_Singapore_Singapore_94: shape=232x256x48 spacing=(1.000,1.000,3.000) orientation=LPS lesion_vol=28920.0mm3 n_lesions=63
2026-08-16 21:59:26,224 INFO test_Singapore_Singapore_95: shape=232x256x48 spacing=(1.000,1.000,3.000) orientation=LPS lesion_vol=18021.0mm3 n_lesions=72
2026-08-16 21:59:26,328 INFO test_Singapore_Singapore_96: shape=232x256x48 spacing=(1.000,1.000,3.000) orientation=LPS lesion_vol=61032.0mm3 n_lesions=140
2026-08-16 21:59:26,426 INFO test_Singapore_Singapore_97: shape=232x256x48 spacing=(1.000,1.000,3.000) orientation=LPS lesion_vol=18165.0mm3 n_lesions=38
2026-08-16 21:59:26,525 INFO test_Singapore_Singapore_98: shape=232x256x48 spacing=(1.000,1.000,3.000) orientation=LPS lesion_vol=4458.0mm3 n_lesions=55
2026-08-16 21:59:26,621 INFO test_Singapore_Singapore_99: shape=232x256x48 spacing=(1.000,1.000,3.000) orientation=LPS lesion_vol=2544.0mm3 n_lesions=31
2026-08-16 21:59:26,703 INFO test_Utrecht_Utrecht_1: shape=240x240x48 spacing=(0.958,0.958,3.000) orientation=LPS lesion_vol=4102.5mm3 n_lesions=70
2026-08-16 21:59:26,785 INFO test_Utrecht_Utrecht_10: shape=240x240x48 spacing=(0.958,0.958,3.000) orientation=LPS lesion_vol=6640.0mm3 n_lesions=62
2026-08-16 21:59:26,867 INFO test_Utrecht_Utrecht_12: shape=240x240x48 spacing=(0.958,0.958,3.000) orientation=LPS lesion_vol=1518.1mm3 n_lesions=40
2026-08-16 21:59:26,950 INFO test_Utrecht_Utrecht_13: shape=240x240x48 spacing=(0.958,0.958,3.000) orientation=LPS lesion_vol=51406.7mm3 n_lesions=111
2026-08-16 21:59:27,037 INFO test_Utrecht_Utrecht_14: shape=240x240x48 spacing=(0.958,0.958,3.000) orientation=LPS lesion_vol=14261.0mm3 n_lesions=112
2026-08-16 21:59:27,119 INFO test_Utrecht_Utrecht_15: shape=240x240x48 spacing=(0.958,0.958,3.000) orientation=LPS lesion_vol=7505.2mm3 n_lesions=51
2026-08-16 21:59:27,204 INFO test_Utrecht_Utrecht_16: shape=240x240x48 spacing=(0.958,0.958,3.000) orientation=LPS lesion_vol=12745.6mm3 n_lesions=101
2026-08-16 21:59:27,291 INFO test_Utrecht_Utrecht_18: shape=240x240x48 spacing=(0.958,0.958,3.000) orientation=LPS lesion_vol=2140.8mm3 n_lesions=45
2026-08-16 21:59:27,380 INFO test_Utrecht_Utrecht_20: shape=240x240x48 spacing=(0.958,0.958,3.000) orientation=LPS lesion_vol=15338.2mm3 n_lesions=76
2026-08-16 21:59:27,465 INFO test_Utrecht_Utrecht_22: shape=240x240x48 spacing=(0.958,0.958,3.000) orientation=LPS lesion_vol=11811.6mm3 n_lesions=49
2026-08-16 21:59:27,554 INFO test_Utrecht_Utrecht_24: shape=240x240x48 spacing=(0.958,0.958,3.000) orientation=LPS lesion_vol=34933.3mm3 n_lesions=69
2026-08-16 21:59:27,638 INFO test_Utrecht_Utrecht_26: shape=240x240x48 spacing=(0.958,0.958,3.000) orientation=LPS lesion_vol=53632.9mm3 n_lesions=67
2026-08-16 21:59:27,728 INFO test_Utrecht_Utrecht_28: shape=240x240x48 spacing=(0.958,0.958,3.000) orientation=LPS lesion_vol=39201.1mm3 n_lesions=52
2026-08-16 21:59:27,823 INFO test_Utrecht_Utrecht_3: shape=240x240x48 spacing=(0.958,0.958,3.000) orientation=LPS lesion_vol=19608.8mm3 n_lesions=96
2026-08-16 21:59:27,908 INFO test_Utrecht_Utrecht_30: shape=240x240x48 spacing=(0.958,0.958,3.000) orientation=LPS lesion_vol=23088.6mm3 n_lesions=72
2026-08-16 21:59:27,991 INFO test_Utrecht_Utrecht_32: shape=240x240x48 spacing=(0.958,0.958,3.000) orientation=LPS lesion_vol=13809.1mm3 n_lesions=63
2026-08-16 21:59:28,079 INFO test_Utrecht_Utrecht_34: shape=240x240x48 spacing=(0.958,0.958,3.000) orientation=LPS lesion_vol=1936.9mm3 n_lesions=41
2026-08-16 21:59:28,166 INFO test_Utrecht_Utrecht_36: shape=240x240x48 spacing=(0.958,0.958,3.000) orientation=LPS lesion_vol=1782.6mm3 n_lesions=51
2026-08-16 21:59:28,242 INFO test_Utrecht_Utrecht_38: shape=240x240x48 spacing=(0.958,0.958,3.000) orientation=LPS lesion_vol=4262.3mm3 n_lesions=84
2026-08-16 21:59:28,331 INFO test_Utrecht_Utrecht_40: shape=240x240x48 spacing=(0.958,0.958,3.000) orientation=LPS lesion_vol=14880.9mm3 n_lesions=68
2026-08-16 21:59:28,417 INFO test_Utrecht_Utrecht_42: shape=240x240x48 spacing=(0.958,0.958,3.000) orientation=LPS lesion_vol=14087.4mm3 n_lesions=89
2026-08-16 21:59:28,502 INFO test_Utrecht_Utrecht_43: shape=240x240x48 spacing=(0.958,0.958,3.000) orientation=LPS lesion_vol=994.6mm3 n_lesions=23
2026-08-16 21:59:28,584 INFO test_Utrecht_Utrecht_44: shape=240x240x48 spacing=(0.958,0.958,3.000) orientation=LPS lesion_vol=4780.3mm3 n_lesions=61
2026-08-16 21:59:28,666 INFO test_Utrecht_Utrecht_45: shape=240x240x48 spacing=(0.958,0.958,3.000) orientation=LPS lesion_vol=2992.2mm3 n_lesions=49
2026-08-16 21:59:28,749 INFO test_Utrecht_Utrecht_46: shape=240x240x48 spacing=(0.958,0.958,3.000) orientation=LPS lesion_vol=41198.6mm3 n_lesions=68
2026-08-16 21:59:28,839 INFO test_Utrecht_Utrecht_47: shape=240x240x48 spacing=(0.958,0.958,3.000) orientation=LPS lesion_vol=21884.6mm3 n_lesions=194
2026-08-16 21:59:28,923 INFO test_Utrecht_Utrecht_48: shape=240x240x48 spacing=(0.958,0.958,3.000) orientation=LPS lesion_vol=1722.0mm3 n_lesions=34
2026-08-16 21:59:29,004 INFO test_Utrecht_Utrecht_5: shape=240x240x48 spacing=(0.958,0.958,3.000) orientation=LPS lesion_vol=2088.4mm3 n_lesions=15
2026-08-16 21:59:29,082 INFO test_Utrecht_Utrecht_7: shape=240x240x48 spacing=(0.958,0.958,3.000) orientation=LPS lesion_vol=28643.1mm3 n_lesions=81
2026-08-16 21:59:29,171 INFO test_Utrecht_Utrecht_9: shape=240x240x48 spacing=(0.958,0.958,3.000) orientation=LPS lesion_vol=195154.2mm3 n_lesions=23
2026-08-16 21:59:29,270 INFO training_Amsterdam_GE3T_100: shape=132x256x83 spacing=(1.200,0.977,3.000) orientation=LPS lesion_vol=6272.1mm3 n_lesions=99
2026-08-16 21:59:29,369 INFO training_Amsterdam_GE3T_101: shape=132x256x83 spacing=(1.200,0.977,3.000) orientation=LPS lesion_vol=3111.4mm3 n_lesions=25
2026-08-16 21:59:29,464 INFO training_Amsterdam_GE3T_102: shape=132x256x83 spacing=(1.200,0.977,3.000) orientation=LPS lesion_vol=4355.7mm3 n_lesions=115
2026-08-16 21:59:29,560 INFO training_Amsterdam_GE3T_103: shape=132x256x83 spacing=(1.200,0.977,3.000) orientation=LPS lesion_vol=22715.3mm3 n_lesions=84
2026-08-16 21:59:29,664 INFO training_Amsterdam_GE3T_104: shape=132x256x83 spacing=(1.200,0.977,3.000) orientation=LPS lesion_vol=29300.3mm3 n_lesions=83
2026-08-16 21:59:29,763 INFO training_Amsterdam_GE3T_105: shape=132x256x83 spacing=(1.200,0.977,3.000) orientation=LPS lesion_vol=11433.3mm3 n_lesions=44
2026-08-16 21:59:29,862 INFO training_Amsterdam_GE3T_106: shape=132x256x83 spacing=(1.200,0.977,3.000) orientation=LPS lesion_vol=3027.1mm3 n_lesions=16
2026-08-16 21:59:29,960 INFO training_Amsterdam_GE3T_107: shape=132x256x83 spacing=(1.200,0.977,3.000) orientation=LPS lesion_vol=6240.5mm3 n_lesions=35
2026-08-16 21:59:30,053 INFO training_Amsterdam_GE3T_108: shape=132x256x83 spacing=(1.200,0.977,3.000) orientation=LPS lesion_vol=1522.3mm3 n_lesions=19
2026-08-16 21:59:30,151 INFO training_Amsterdam_GE3T_109: shape=132x256x83 spacing=(1.200,0.977,3.000) orientation=LPS lesion_vol=1926.6mm3 n_lesions=50
2026-08-16 21:59:30,247 INFO training_Amsterdam_GE3T_110: shape=132x256x83 spacing=(1.200,0.977,3.000) orientation=LPS lesion_vol=3224.0mm3 n_lesions=43
2026-08-16 21:59:30,345 INFO training_Amsterdam_GE3T_112: shape=132x256x83 spacing=(1.200,0.977,3.000) orientation=LPS lesion_vol=5758.8mm3 n_lesions=76
2026-08-16 21:59:30,443 INFO training_Amsterdam_GE3T_113: shape=132x256x83 spacing=(1.200,0.977,3.000) orientation=LPS lesion_vol=22669.6mm3 n_lesions=82
2026-08-16 21:59:30,541 INFO training_Amsterdam_GE3T_114: shape=132x256x83 spacing=(1.200,0.977,3.000) orientation=LPS lesion_vol=16865.1mm3 n_lesions=78
2026-08-16 21:59:30,636 INFO training_Amsterdam_GE3T_115: shape=132x256x83 spacing=(1.200,0.977,3.000) orientation=LPS lesion_vol=3329.4mm3 n_lesions=35
2026-08-16 21:59:30,736 INFO training_Amsterdam_GE3T_116: shape=132x256x83 spacing=(1.200,0.977,3.000) orientation=LPS lesion_vol=2155.2mm3 n_lesions=35
2026-08-16 21:59:30,833 INFO training_Amsterdam_GE3T_126: shape=132x256x83 spacing=(1.200,0.977,3.000) orientation=LPS lesion_vol=16615.5mm3 n_lesions=47
2026-08-16 21:59:30,927 INFO training_Amsterdam_GE3T_132: shape=132x256x83 spacing=(1.200,0.977,3.000) orientation=LPS lesion_vol=43528.6mm3 n_lesions=49
2026-08-16 21:59:31,020 INFO training_Amsterdam_GE3T_137: shape=132x256x83 spacing=(1.200,0.977,3.000) orientation=LPS lesion_vol=8972.2mm3 n_lesions=152
2026-08-16 21:59:31,117 INFO training_Amsterdam_GE3T_144: shape=132x256x83 spacing=(1.200,0.977,3.000) orientation=LPS lesion_vol=2222.0mm3 n_lesions=82
2026-08-16 21:59:31,220 INFO training_Singapore_Singapore_50: shape=256x232x48 spacing=(1.000,1.000,3.000) orientation=LPS lesion_vol=25683.0mm3 n_lesions=70
2026-08-16 21:59:31,328 INFO training_Singapore_Singapore_51: shape=256x232x48 spacing=(1.000,1.000,3.000) orientation=LPS lesion_vol=26598.0mm3 n_lesions=77
2026-08-16 21:59:31,430 INFO training_Singapore_Singapore_52: shape=232x256x48 spacing=(1.000,1.000,3.000) orientation=LPS lesion_vol=4944.0mm3 n_lesions=50
2026-08-16 21:59:31,530 INFO training_Singapore_Singapore_53: shape=232x256x48 spacing=(1.000,1.000,3.000) orientation=LPS lesion_vol=1143.0mm3 n_lesions=46
2026-08-16 21:59:31,636 INFO training_Singapore_Singapore_54: shape=232x256x48 spacing=(1.000,1.000,3.000) orientation=LPS lesion_vol=786.0mm3 n_lesions=18
2026-08-16 21:59:31,742 INFO training_Singapore_Singapore_55: shape=232x256x48 spacing=(1.000,1.000,3.000) orientation=LPS lesion_vol=2895.0mm3 n_lesions=33
2026-08-16 21:59:31,844 INFO training_Singapore_Singapore_56: shape=232x256x48 spacing=(1.000,1.000,3.000) orientation=LPS lesion_vol=16386.0mm3 n_lesions=32
2026-08-16 21:59:31,943 INFO training_Singapore_Singapore_57: shape=232x256x48 spacing=(1.000,1.000,3.000) orientation=LPS lesion_vol=15567.0mm3 n_lesions=40
2026-08-16 21:59:32,049 INFO training_Singapore_Singapore_58: shape=232x256x48 spacing=(1.000,1.000,3.000) orientation=LPS lesion_vol=1629.0mm3 n_lesions=22
2026-08-16 21:59:32,146 INFO training_Singapore_Singapore_59: shape=232x256x48 spacing=(1.000,1.000,3.000) orientation=LPS lesion_vol=17592.0mm3 n_lesions=63
2026-08-16 21:59:32,248 INFO training_Singapore_Singapore_60: shape=232x256x48 spacing=(1.000,1.000,3.000) orientation=LPS lesion_vol=21363.0mm3 n_lesions=37
2026-08-16 21:59:32,354 INFO training_Singapore_Singapore_61: shape=232x256x48 spacing=(1.000,1.000,3.000) orientation=LPS lesion_vol=14550.0mm3 n_lesions=40
2026-08-16 21:59:32,457 INFO training_Singapore_Singapore_62: shape=232x256x48 spacing=(1.000,1.000,3.000) orientation=LPS lesion_vol=61332.1mm3 n_lesions=82
2026-08-16 21:59:32,553 INFO training_Singapore_Singapore_63: shape=232x256x48 spacing=(1.000,1.000,3.000) orientation=LPS lesion_vol=35889.0mm3 n_lesions=26
2026-08-16 21:59:32,649 INFO training_Singapore_Singapore_64: shape=232x256x48 spacing=(1.000,1.000,3.000) orientation=LPS lesion_vol=16296.0mm3 n_lesions=42
2026-08-16 21:59:32,754 INFO training_Singapore_Singapore_65: shape=232x256x48 spacing=(1.000,1.000,3.000) orientation=LPS lesion_vol=18099.0mm3 n_lesions=82
2026-08-16 21:59:32,857 INFO training_Singapore_Singapore_66: shape=232x256x48 spacing=(1.000,1.000,3.000) orientation=LPS lesion_vol=11958.0mm3 n_lesions=80
2026-08-16 21:59:32,964 INFO training_Singapore_Singapore_67: shape=232x256x48 spacing=(1.000,1.000,3.000) orientation=LPS lesion_vol=35244.0mm3 n_lesions=37
2026-08-16 21:59:33,068 INFO training_Singapore_Singapore_68: shape=232x256x48 spacing=(1.000,1.000,3.000) orientation=LPS lesion_vol=36720.0mm3 n_lesions=40
2026-08-16 21:59:33,166 INFO training_Singapore_Singapore_69: shape=232x256x48 spacing=(1.000,1.000,3.000) orientation=LPS lesion_vol=17583.0mm3 n_lesions=64
2026-08-16 21:59:33,249 INFO training_Utrecht_Utrecht_0: shape=240x240x48 spacing=(0.958,0.958,3.000) orientation=LPS lesion_vol=24185.2mm3 n_lesions=80
2026-08-16 21:59:33,337 INFO training_Utrecht_Utrecht_11: shape=240x240x48 spacing=(0.958,0.958,3.000) orientation=LPS lesion_vol=2463.2mm3 n_lesions=57
2026-08-16 21:59:33,418 INFO training_Utrecht_Utrecht_17: shape=240x240x48 spacing=(0.958,0.958,3.000) orientation=LPS lesion_vol=3504.6mm3 n_lesions=34
2026-08-16 21:59:33,502 INFO training_Utrecht_Utrecht_19: shape=240x240x48 spacing=(0.958,0.958,3.000) orientation=LPS lesion_vol=11891.5mm3 n_lesions=77
2026-08-16 21:59:33,594 INFO training_Utrecht_Utrecht_2: shape=240x240x48 spacing=(0.958,0.958,3.000) orientation=LPS lesion_vol=32674.0mm3 n_lesions=140
2026-08-16 21:59:33,682 INFO training_Utrecht_Utrecht_21: shape=240x240x48 spacing=(0.958,0.958,3.000) orientation=LPS lesion_vol=24854.8mm3 n_lesions=115
2026-08-16 21:59:33,766 INFO training_Utrecht_Utrecht_23: shape=240x240x48 spacing=(0.958,0.958,3.000) orientation=LPS lesion_vol=914.7mm3 n_lesions=21
2026-08-16 21:59:33,855 INFO training_Utrecht_Utrecht_25: shape=240x240x48 spacing=(0.958,0.958,3.000) orientation=LPS lesion_vol=24088.8mm3 n_lesions=38
2026-08-16 21:59:33,939 INFO training_Utrecht_Utrecht_27: shape=240x240x48 spacing=(0.958,0.958,3.000) orientation=LPS lesion_vol=845.8mm3 n_lesions=18
2026-08-16 21:59:34,026 INFO training_Utrecht_Utrecht_29: shape=240x240x48 spacing=(0.958,0.958,3.000) orientation=LPS lesion_vol=44309.3mm3 n_lesions=81
2026-08-16 21:59:34,109 INFO training_Utrecht_Utrecht_31: shape=240x240x48 spacing=(0.958,0.958,3.000) orientation=LPS lesion_vol=67968.2mm3 n_lesions=104
2026-08-16 21:59:34,191 INFO training_Utrecht_Utrecht_33: shape=240x240x48 spacing=(0.958,0.958,3.000) orientation=LPS lesion_vol=3945.5mm3 n_lesions=60
2026-08-16 21:59:34,267 INFO training_Utrecht_Utrecht_35: shape=240x240x48 spacing=(0.958,0.958,3.000) orientation=LPS lesion_vol=2832.4mm3 n_lesions=45
2026-08-16 21:59:34,350 INFO training_Utrecht_Utrecht_37: shape=240x240x48 spacing=(0.958,0.958,3.000) orientation=LPS lesion_vol=74991.4mm3 n_lesions=138
2026-08-16 21:59:34,435 INFO training_Utrecht_Utrecht_39: shape=240x240x48 spacing=(0.958,0.958,3.000) orientation=LPS lesion_vol=45739.3mm3 n_lesions=110
2026-08-16 21:59:34,534 INFO training_Utrecht_Utrecht_4: shape=240x240x48 spacing=(0.958,0.958,3.000) orientation=LPS lesion_vol=31106.3mm3 n_lesions=62
2026-08-16 21:59:34,615 INFO training_Utrecht_Utrecht_41: shape=240x240x48 spacing=(0.958,0.958,3.000) orientation=LPS lesion_vol=32957.8mm3 n_lesions=75
2026-08-16 21:59:34,699 INFO training_Utrecht_Utrecht_49: shape=240x240x48 spacing=(0.958,0.958,3.000) orientation=LPS lesion_vol=26571.2mm3 n_lesions=113
2026-08-16 21:59:34,777 INFO training_Utrecht_Utrecht_6: shape=240x240x48 spacing=(0.958,0.958,3.000) orientation=LPS lesion_vol=1774.4mm3 n_lesions=23
2026-08-16 21:59:34,859 INFO training_Utrecht_Utrecht_8: shape=240x240x48 spacing=(0.958,0.958,3.000) orientation=LPS lesion_vol=1504.3mm3 n_lesions=59
2026-08-16 21:59:34,862 INFO Orientation code distribution:
orientation_code
LPS    170
2026-08-16 21:59:34,870 INFO Wrote /home/ahaan/college/year-4/Medical Imaging MRI WMH project/metadata/outputs/subject_index.csv
